main.c:97:6:HAL_UART_RxCpltCallback	16	static
main.c:124:6:HAL_UART_TxCpltCallback	16	static
main.c:131:6:clear_flags	8	static
main.c:142:5:main	8	static
main.c:194:6:SystemClock_Config	168	static
main.c:248:13:MX_ADC1_Init	24	static
main.c:305:13:MX_I2C2_Init	8	static
main.c:351:13:MX_TIM1_Init	104	static
main.c:427:13:MX_TIM3_Init	48	static
main.c:480:13:MX_USART1_UART_Init	8	static
main.c:528:13:MX_USART2_UART_Init	8	static
main.c:574:13:MX_DMA_Init	16	static
main.c:595:13:MX_GPIO_Init	56	static
main.c:669:6:Error_Handler	8	static,ignoring_inline_asm
